#
# There is insufficient memory for the Java Runtime Environment to continue.
# Native memory allocation (malloc) failed to allocate 1048576 bytes. Error detail: AllocateHeap
# Possible reasons:
#   The system is out of physical RAM or swap space
#   This process is running with CompressedOops enabled, and the Java Heap may be blocking the growth of the native heap
# Possible solutions:
#   Reduce memory load on the system
#   Increase physical memory or swap space
#   Check if swap backing store is full
#   Decrease Java heap size (-Xmx/-Xms)
#   Decrease number of Java threads
#   Decrease Java thread stack sizes (-Xss)
#   Set larger code cache with -XX:ReservedCodeCacheSize=
#   JVM is running with Unscaled Compressed Oops mode in which the Java heap is
#     placed in the first 4GB address space. The Java Heap base address is the
#     maximum limit for the native heap growth. Please use -XX:HeapBaseMinAddress
#     to set the Java Heap base and to place the Java Heap above 4GB virtual address.
# This output file may be truncated or incomplete.
#
#  Out of Memory Error (allocation.cpp:44), pid=5040, tid=20124
#
# JRE version: OpenJDK Runtime Environment Temurin-21.0.10+7 (21.0.10+7) (build 21.0.10+7-LTS)
# Java VM: OpenJDK 64-Bit Server VM Temurin-21.0.10+7 (21.0.10+7-LTS, mixed mode, sharing, tiered, compressed oops, compressed class ptrs, parallel gc, windows-amd64)
# No core dump will be written. Minidumps are not enabled by default on client versions of Windows
#

---------------  S U M M A R Y ------------

Command Line: --add-modules=ALL-SYSTEM --add-opens=java.base/java.util=ALL-UNNAMED --add-opens=java.base/java.lang=ALL-UNNAMED --add-opens=java.base/sun.nio.fs=ALL-UNNAMED -Declipse.application=org.eclipse.jdt.ls.core.id1 -Dosgi.bundles.defaultStartLevel=4 -Declipse.product=org.eclipse.jdt.ls.core.product -Djava.import.generatesMetadataFilesAtProjectRoot=false -DDetectVMInstallationsJob.disabled=true -Dfile.encoding=utf8 -XX:+UseParallelGC -XX:GCTimeRatio=4 -XX:AdaptiveSizePolicyWeight=90 -Dsun.zip.disableMemoryMapping=true -Xmx2G -Xms100m -Xlog:disable -javaagent:c:\Users\anima\.vscode\extensions\redhat.java-1.54.0-win32-x64\lombok\lombok-1.18.39-4050.jar -XX:+HeapDumpOnOutOfMemoryError -XX:HeapDumpPath=c:\Users\anima\AppData\Roaming\Code\User\workspaceStorage\da3114b247fd881a22e3501cbac912a7\redhat.java -Daether.dependencyCollector.impl=bf c:\Users\anima\.vscode\extensions\redhat.java-1.54.0-win32-x64\server\plugins\org.eclipse.equinox.launcher_1.7.100.v20251111-0406.jar -configuration c:\Users\anima\AppData\Roaming\Code\User\globalStorage\redhat.java\1.54.0\config_win -data c:\Users\anima\AppData\Roaming\Code\User\workspaceStorage\da3114b247fd881a22e3501cbac912a7\redhat.java\jdt_ws --pipe=\\.\pipe\lsp-31880c0fd148f6ddaf78bf8db661eef1-sock

Host: AMD Ryzen 7 7735HS with Radeon Graphics        , 16 cores, 15G,  Windows 11 , 64 bit Build 26100 (10.0.26100.8521)
Time: Fri Jun 19 16:14:51 2026 Hora est. Sudamérica Pacífico elapsed time: 2711.555074 seconds (0d 0h 45m 11s)

---------------  T H R E A D  ---------------

Current thread (0x000001b4ef92c020):  JavaThread "Attach Listener" daemon [_thread_in_vm, id=20124, stack(0x0000008024900000,0x0000008024a00000) (1024K)]

Stack: [0x0000008024900000,0x0000008024a00000]
Native frames: (J=compiled Java code, j=interpreted, Vv=VM code, C=native code)
V  [jvm.dll+0x6d7a39]
V  [jvm.dll+0x8b4b26]
V  [jvm.dll+0x8b70de]
V  [jvm.dll+0x8b77c3]
V  [jvm.dll+0x284346]
V  [jvm.dll+0xc1277]
V  [jvm.dll+0x6d82e9]
V  [jvm.dll+0x1334a6]
V  [jvm.dll+0x3f857e]
V  [jvm.dll+0x85f59d]
V  [jvm.dll+0x6d626d]
C  [ucrtbase.dll+0x2cd30]
C  [KERNEL32.DLL+0x2e957]
C  [ntdll.dll+0x87c1c]


---------------  P R O C E S S  ---------------

Threads class SMR info:
_java_thread_list=0x000001b4fa8cf8f0, length=43, elements={
0x000001b4ef55b230, 0x000001b4ef923370, 0x000001b4f927ca20, 0x000001b4ef927860,
0x000001b4ef92c020, 0x000001b4ef92ddf0, 0x000001b4ef934810, 0x000001b4ef93b2a0,
0x000001b4ef93c4c0, 0x000001b4fa993ef0, 0x000001b4fa9931d0, 0x000001b4fa993860,
0x000001b4fa990a70, 0x000001b4fa991100, 0x000001b4fa991790, 0x000001b4fa991e20,
0x000001b4fa9924b0, 0x000001b4fa992b40, 0x000001b4fccc7ec0, 0x000001b4fccc5df0,
0x000001b4fccc9900, 0x000001b4fccc6480, 0x000001b4fcccacb0, 0x000001b4fcccd410,
0x000001b4fcccc060, 0x000001b4fcccb9d0, 0x000001b4fcccb340, 0x000001b4fcccc6f0,
0x000001b4fccccd80, 0x000001b4fccc9f90, 0x000001b4fccca620, 0x000001b4d4490b10,
0x000001b4d4492550, 0x000001b4d44911a0, 0x000001b4d4491830, 0x000001b4d4492be0,
0x000001b4d4491ec0, 0x000001b4d4493270, 0x000001b4d4490480, 0x000001b4d44966f0,
0x000001b4d4494620, 0x000001b4ff793450, 0x000001b4ff78ffd0
}

Java Threads: ( => current thread )
  0x000001b4ef55b230 JavaThread "main"                              [_thread_blocked, id=23936, stack(0x0000008024200000,0x0000008024300000) (1024K)]
  0x000001b4ef923370 JavaThread "Reference Handler"          daemon [_thread_blocked, id=11344, stack(0x0000008024600000,0x0000008024700000) (1024K)]
  0x000001b4f927ca20 JavaThread "Finalizer"                  daemon [_thread_blocked, id=17932, stack(0x0000008024700000,0x0000008024800000) (1024K)]
  0x000001b4ef927860 JavaThread "Signal Dispatcher"          daemon [_thread_blocked, id=16700, stack(0x0000008024800000,0x0000008024900000) (1024K)]
=>0x000001b4ef92c020 JavaThread "Attach Listener"            daemon [_thread_in_vm, id=20124, stack(0x0000008024900000,0x0000008024a00000) (1024K)]
  0x000001b4ef92ddf0 JavaThread "Service Thread"             daemon [_thread_blocked, id=28544, stack(0x0000008024a00000,0x0000008024b00000) (1024K)]
  0x000001b4ef934810 JavaThread "Monitor Deflation Thread"   daemon [_thread_blocked, id=24964, stack(0x0000008024b00000,0x0000008024c00000) (1024K)]
  0x000001b4ef93b2a0 JavaThread "C2 CompilerThread0"         daemon [_thread_blocked, id=10764, stack(0x0000008024c00000,0x0000008024d00000) (1024K)]
  0x000001b4ef93c4c0 JavaThread "C1 CompilerThread0"         daemon [_thread_blocked, id=33684, stack(0x0000008024d00000,0x0000008024e00000) (1024K)]
  0x000001b4fa993ef0 JavaThread "Common-Cleaner"             daemon [_thread_blocked, id=29332, stack(0x0000008025100000,0x0000008025200000) (1024K)]
  0x000001b4fa9931d0 JavaThread "Notification Thread"        daemon [_thread_blocked, id=9372, stack(0x0000008025200000,0x0000008025300000) (1024K)]
  0x000001b4fa993860 JavaThread "Active Thread: Equinox Container: 1ccbdc71-3437-407d-a5e7-9d81651423ed"        [_thread_blocked, id=39876, stack(0x0000008025a00000,0x0000008025b00000) (1024K)]
  0x000001b4fa990a70 JavaThread "Refresh Thread: Equinox Container: 1ccbdc71-3437-407d-a5e7-9d81651423ed" daemon [_thread_blocked, id=29320, stack(0x0000008025c00000,0x0000008025d00000) (1024K)]
  0x000001b4fa991100 JavaThread "Framework Event Dispatcher: Equinox Container: 1ccbdc71-3437-407d-a5e7-9d81651423ed" daemon [_thread_blocked, id=3736, stack(0x0000008025d00000,0x0000008025e00000) (1024K)]
  0x000001b4fa991790 JavaThread "Start Level: Equinox Container: 1ccbdc71-3437-407d-a5e7-9d81651423ed" daemon [_thread_blocked, id=20392, stack(0x0000008025300000,0x0000008025400000) (1024K)]
  0x000001b4fa991e20 JavaThread "Bundle File Closer"         daemon [_thread_blocked, id=30508, stack(0x0000008026200000,0x0000008026300000) (1024K)]
  0x000001b4fa9924b0 JavaThread "SCR Component Actor"        daemon [_thread_blocked, id=9744, stack(0x0000008025e00000,0x0000008025f00000) (1024K)]
  0x000001b4fa992b40 JavaThread "Worker-JM"                         [_thread_blocked, id=4228, stack(0x0000008026400000,0x0000008026500000) (1024K)]
  0x000001b4fccc7ec0 JavaThread "Java indexing"              daemon [_thread_blocked, id=39252, stack(0x0000008026a00000,0x0000008026b00000) (1024K)]
  0x000001b4fccc5df0 JavaThread "JNA Cleaner"                daemon [_thread_blocked, id=10732, stack(0x0000008026c00000,0x0000008026d00000) (1024K)]
  0x000001b4fccc9900 JavaThread "Thread-1"                   daemon [_thread_in_native, id=20740, stack(0x0000008027300000,0x0000008027400000) (1024K)]
  0x000001b4fccc6480 JavaThread "Thread-2"                   daemon [_thread_in_native, id=27504, stack(0x0000008027400000,0x0000008027500000) (1024K)]
  0x000001b4fcccacb0 JavaThread "Thread-3"                   daemon [_thread_in_native, id=14772, stack(0x0000008027500000,0x0000008027600000) (1024K)]
  0x000001b4fcccd410 JavaThread "Thread-4"                   daemon [_thread_in_native, id=27980, stack(0x0000008027600000,0x0000008027700000) (1024K)]
  0x000001b4fcccc060 JavaThread "Thread-5"                   daemon [_thread_in_native, id=13144, stack(0x0000008027700000,0x0000008027800000) (1024K)]
  0x000001b4fcccb9d0 JavaThread "Thread-6"                   daemon [_thread_in_native, id=39580, stack(0x0000008027800000,0x0000008027900000) (1024K)]
  0x000001b4fcccb340 JavaThread "Thread-7"                   daemon [_thread_in_native, id=5360, stack(0x0000008027900000,0x0000008027a00000) (1024K)]
  0x000001b4fcccc6f0 JavaThread "Thread-8"                   daemon [_thread_in_native, id=10212, stack(0x0000008027a00000,0x0000008027b00000) (1024K)]
  0x000001b4fccccd80 JavaThread "Thread-9"                   daemon [_thread_in_native, id=9988, stack(0x0000008027b00000,0x0000008027c00000) (1024K)]
  0x000001b4fccc9f90 JavaThread "Thread-10"                  daemon [_thread_in_native, id=15156, stack(0x0000008027c00000,0x0000008027d00000) (1024K)]
  0x000001b4fccca620 JavaThread "Thread-11"                  daemon [_thread_in_native, id=31736, stack(0x0000008027d00000,0x0000008027e00000) (1024K)]
  0x000001b4d4490b10 JavaThread "Thread-12"                  daemon [_thread_in_native, id=37104, stack(0x0000008027e00000,0x0000008027f00000) (1024K)]
  0x000001b4d4492550 JavaThread "Thread-13"                  daemon [_thread_in_native, id=13240, stack(0x0000008027f00000,0x0000008028000000) (1024K)]
  0x000001b4d44911a0 JavaThread "Thread-14"                  daemon [_thread_in_native, id=18308, stack(0x0000008028000000,0x0000008028100000) (1024K)]
  0x000001b4d4491830 JavaThread "Thread-15"                  daemon [_thread_in_native, id=4040, stack(0x0000008028100000,0x0000008028200000) (1024K)]
  0x000001b4d4492be0 JavaThread "Thread-16"                  daemon [_thread_in_native, id=9560, stack(0x0000008028200000,0x0000008028300000) (1024K)]
  0x000001b4d4491ec0 JavaThread "Thread-17"                  daemon [_thread_in_native, id=30152, stack(0x0000008028300000,0x0000008028400000) (1024K)]
  0x000001b4d4493270 JavaThread "pool-2-thread-1"                   [_thread_blocked, id=20680, stack(0x0000008028400000,0x0000008028500000) (1024K)]
  0x000001b4d4490480 JavaThread "WorkspaceEventsHandler"            [_thread_blocked, id=31136, stack(0x0000008028500000,0x0000008028600000) (1024K)]
  0x000001b4d44966f0 JavaThread "pool-1-thread-1"                   [_thread_blocked, id=12332, stack(0x0000008028600000,0x0000008028700000) (1024K)]
  0x000001b4d4494620 JavaThread "Cleaner-0"                  daemon [_thread_blocked, id=16616, stack(0x000000802c600000,0x000000802c700000) (1024K)]
  0x000001b4ff793450 JavaThread "Worker-15"                         [_thread_blocked, id=21588, stack(0x0000008027000000,0x0000008027100000) (1024K)]
  0x000001b4ff78ffd0 JavaThread "Worker-16"                         [_thread_blocked, id=18076, stack(0x0000008024000000,0x0000008024100000) (1024K)]
Total: 43

Other Threads:
  0x000001b4ef91eb90 VMThread "VM Thread"                           [id=29892, stack(0x0000008024500000,0x0000008024600000) (1024K)]
  0x000001b4ef5636e0 WatcherThread "VM Periodic Task Thread"        [id=28496, stack(0x0000008024400000,0x0000008024500000) (1024K)]
  0x000001b4ef89e7a0 WorkerThread "GC Thread#0"                     [id=30276, stack(0x0000008024300000,0x0000008024400000) (1024K)]
  0x000001b4fc05ceb0 WorkerThread "GC Thread#1"                     [id=9496, stack(0x0000008025400000,0x0000008025500000) (1024K)]
  0x000001b4fc05d260 WorkerThread "GC Thread#2"                     [id=27404, stack(0x0000008025500000,0x0000008025600000) (1024K)]
  0x000001b4fc05d610 WorkerThread "GC Thread#3"                     [id=25672, stack(0x0000008025600000,0x0000008025700000) (1024K)]
  0x000001b4fc05d9c0 WorkerThread "GC Thread#4"                     [id=37908, stack(0x0000008025700000,0x0000008025800000) (1024K)]
  0x000001b4fc05e4d0 WorkerThread "GC Thread#5"                     [id=10660, stack(0x0000008025800000,0x0000008025900000) (1024K)]
  0x000001b4fc05dd70 WorkerThread "GC Thread#6"                     [id=17336, stack(0x0000008025900000,0x0000008025a00000) (1024K)]
  0x000001b4fc05cb00 WorkerThread "GC Thread#7"                     [id=40044, stack(0x0000008025b00000,0x0000008025c00000) (1024K)]
  0x000001b4fcb09a70 WorkerThread "GC Thread#8"                     [id=7028, stack(0x0000008025f00000,0x0000008026000000) (1024K)]
  0x000001b4fcb08bb0 WorkerThread "GC Thread#9"                     [id=35080, stack(0x0000008026000000,0x0000008026100000) (1024K)]
  0x000001b4fcb0b440 WorkerThread "GC Thread#10"                    [id=24752, stack(0x0000008026100000,0x0000008026200000) (1024K)]
  0x000001b4fcb080a0 WorkerThread "GC Thread#11"                    [id=35148, stack(0x0000008026300000,0x0000008026400000) (1024K)]
  0x000001b4fcb096c0 WorkerThread "GC Thread#12"                    [id=26964, stack(0x0000008026500000,0x0000008026600000) (1024K)]
Total: 15

Threads with active compile tasks:
Total: 0

VM state: not at safepoint (normal execution)

VM Mutex/Monitor currently owned by a thread: None

Heap address: 0x0000000080000000, size: 2048 MB, Compressed Oops mode: 32-bit

CDS archive(s) mapped at: [0x000001b48f000000-0x000001b48fba0000-0x000001b48fba0000), size 12189696, SharedBaseAddress: 0x000001b48f000000, ArchiveRelocationMode: 1.
Compressed class space mapped at: 0x000001b490000000-0x000001b4d0000000, reserved size: 1073741824
Narrow klass base: 0x000001b48f000000, Narrow klass shift: 0, Narrow klass range: 0x100000000

GC Precious Log:
 CardTable entry size: 512
 CPUs: 16 total, 16 available
 Memory: 15611M
 Large Page Support: Disabled
 NUMA Support: Disabled
 Compressed Oops: Enabled (32-bit)
 Alignments: Space 512K, Generation 512K, Heap 2M
 Heap Min Capacity: 100M
 Heap Initial Capacity: 100M
 Heap Max Capacity: 2G
 Pre-touch: Disabled
 Parallel Workers: 13

Heap:
 PSYoungGen      total 5632K, used 4843K [0x00000000d5580000, 0x00000000d5c00000, 0x0000000100000000)
  eden space 5120K, 85% used [0x00000000d5580000,0x00000000d59cc3c0,0x00000000d5a80000)
  from space 512K, 86% used [0x00000000d5b80000,0x00000000d5bee900,0x00000000d5c00000)
  to   space 512K, 0% used [0x00000000d5b00000,0x00000000d5b00000,0x00000000d5b80000)
 ParOldGen       total 863744K, used 629990K [0x0000000080000000, 0x00000000b4b80000, 0x00000000d5580000)
  object space 863744K, 72% used [0x0000000080000000,0x00000000a6739b68,0x00000000b4b80000)
 Metaspace       used 91906K, committed 93888K, reserved 1179648K
  class space    used 9457K, committed 10368K, reserved 1048576K

Card table byte_map: [0x000001b4f4590000,0x000001b4f49a0000] _byte_map_base: 0x000001b4f4190000

Marking Bits: (ParMarkBitMap*) 0x00007ffe315d3450
 Begin Bits: [0x000001b4f4c50000, 0x000001b4f6c50000)
 End Bits:   [0x000001b4f6c50000, 0x000001b4f8c50000)

Polling page: 0x000001b4efb50000

Metaspace:

Usage:
  Non-class:     80.52 MB used.
      Class:      9.24 MB used.
       Both:     89.75 MB used.

Virtual space:
  Non-class space:      128.00 MB reserved,      81.56 MB ( 64%) committed,  2 nodes.
      Class space:        1.00 GB reserved,      10.12 MB ( <1%) committed,  1 nodes.
             Both:        1.12 GB reserved,      91.69 MB (  8%) committed. 

Chunk freelists:
   Non-Class:  13.53 MB
       Class:  5.93 MB
        Both:  19.47 MB

MaxMetaspaceSize: unlimited
CompressedClassSpaceSize: 1.00 GB
Initial GC threshold: 21.00 MB
Current GC threshold: 131.88 MB
CDS: on
 - commit_granule_bytes: 65536.
 - commit_granule_words: 8192.
 - virtual_space_node_default_size: 8388608.
 - enlarge_chunks_in_place: 1.
 - use_allocation_guard: 0.


Internal statistics:

num_allocs_failed_limit: 9.
num_arena_births: 1790.
num_arena_deaths: 50.
num_vsnodes_births: 3.
num_vsnodes_deaths: 0.
num_space_committed: 1467.
num_space_uncommitted: 0.
num_chunks_returned_to_freelist: 75.
num_chunks_taken_from_freelist: 6380.
num_chunk_merges: 15.
num_chunk_splits: 3810.
num_chunks_enlarged: 2064.
num_inconsistent_stats: 0.

CodeHeap 'non-profiled nmethods': size=119168Kb used=21821Kb max_used=21821Kb free=97346Kb
 bounds [0x000001b487ba0000, 0x000001b4890f0000, 0x000001b48f000000]
CodeHeap 'profiled nmethods': size=119104Kb used=53092Kb max_used=53092Kb free=66012Kb
 bounds [0x000001b480000000, 0x000001b4833e0000, 0x000001b487450000]
CodeHeap 'non-nmethods': size=7488Kb used=1531Kb max_used=3322Kb free=5956Kb
 bounds [0x000001b487450000, 0x000001b4877a0000, 0x000001b487ba0000]
CodeCache: size=245760Kb, used=76444Kb, max_used=78235Kb, free=169314Kb
 total_blobs=22258, nmethods=21406, adapters=753, full_count=0
Compilation: enabled, stopped_count=0, restarted_count=0

Compilation events (20 events):
Event: 2296.659 Thread 0x000001b4ef93c4c0 23426   !   3       jdk.proxy9.$Proxy45::fluent (32 bytes)
Event: 2296.683 Thread 0x000001b4ef93c4c0 nmethod 23426 0x000001b4833d3590 code [0x000001b4833d3760, 0x000001b4833d3b88]
Event: 2296.683 Thread 0x000001b4ef93c4c0 23427       3       org.eclipse.jdt.internal.compiler.ast.ConstructorDeclaration::traverse (269 bytes)
Event: 2296.692 Thread 0x000001b4ef93c4c0 nmethod 23427 0x000001b4833d3d90 code [0x000001b4833d4040, 0x000001b4833d4f30]
Event: 2296.692 Thread 0x000001b4ef93c4c0 23428       3       org.eclipse.jdt.internal.compiler.ASTVisitor::endVisit (1 bytes)
Event: 2296.692 Thread 0x000001b4ef93c4c0 nmethod 23428 0x000001b4833d5510 code [0x000001b4833d56a0, 0x000001b4833d57a8]
Event: 2296.930 Thread 0x000001b4ef93b2a0 23429       4       org.eclipse.jdt.internal.compiler.parser.Scanner::isRestrictedKeyword (68 bytes)
Event: 2296.931 Thread 0x000001b4ef93c4c0 23431       3       lombok.core.AnnotationValues::getAsBoolean (98 bytes)
Event: 2296.933 Thread 0x000001b4ef93b2a0 nmethod 23429 0x000001b4890ec590 code [0x000001b4890ec720, 0x000001b4890ec828]
Event: 2296.933 Thread 0x000001b4ef93b2a0 23432   !   4       lombok.core.configuration.FileSystemSourceCache::forUri (180 bytes)
Event: 2296.935 Thread 0x000001b4ef93c4c0 nmethod 23431 0x000001b4833d5810 code [0x000001b4833d5ac0, 0x000001b4833d68b8]
Event: 2296.963 Thread 0x000001b4ef93b2a0 nmethod 23432 0x000001b4890ec990 code [0x000001b4890ecd60, 0x000001b4890edf60]
Event: 2296.964 Thread 0x000001b4ef93b2a0 23433       4       org.eclipse.lsp4j.jsonrpc.util.Preconditions::checkNotNull (26 bytes)
Event: 2296.964 Thread 0x000001b4ef93b2a0 nmethod 23433 0x000001b4890eed10 code [0x000001b4890eeea0, 0x000001b4890eef60]
Event: 2296.964 Thread 0x000001b4ef93b2a0 23430       4       org.eclipse.jdt.internal.compiler.parser.Scanner::updateScanContext (275 bytes)
Event: 2296.967 Thread 0x000001b4ef93b2a0 nmethod 23430 0x000001b4890ef010 code [0x000001b4890ef1c0, 0x000001b4890ef370]
Event: 2529.143 Thread 0x000001b4ef93c4c0 23434   !   3       java.lang.ref.ReferenceQueue::remove (61 bytes)
Event: 2529.199 Thread 0x000001b4ef93c4c0 nmethod 23434 0x000001b4833d6d90 code [0x000001b4833d7020, 0x000001b4833d7ba8]
Event: 2569.504 Thread 0x000001b4ef93c4c0 23436       3       org.eclipse.jdt.ls.core.internal.ParentProcessWatcher::run (83 bytes)
Event: 2569.595 Thread 0x000001b4ef93c4c0 nmethod 23436 0x000001b4833d7f90 code [0x000001b4833d8220, 0x000001b4833d8cb0]

GC Heap History (20 events):
Event: 2189.863 GC heap before
{Heap before GC invocations=1951 (full 4):
 PSYoungGen      total 5632K, used 5626K [0x00000000d5580000, 0x00000000d5c80000, 0x0000000100000000)
  eden space 5120K, 100% used [0x00000000d5580000,0x00000000d5a80000,0x00000000d5a80000)
  from space 512K, 98% used [0x00000000d5c00000,0x00000000d5c7e920,0x00000000d5c80000)
  to   space 1024K, 0% used [0x00000000d5a80000,0x00000000d5a80000,0x00000000d5b80000)
 ParOldGen       total 863744K, used 625460K [0x0000000080000000, 0x00000000b4b80000, 0x00000000d5580000)
  object space 863744K, 72% used [0x0000000080000000,0x00000000a62cd028,0x00000000b4b80000)
 Metaspace       used 91837K, committed 93824K, reserved 1179648K
  class space    used 9457K, committed 10368K, reserved 1048576K
}
Event: 2189.866 GC heap after
{Heap after GC invocations=1951 (full 4):
 PSYoungGen      total 6144K, used 992K [0x00000000d5580000, 0x00000000d5d80000, 0x0000000100000000)
  eden space 5120K, 0% used [0x00000000d5580000,0x00000000d5580000,0x00000000d5a80000)
  from space 1024K, 96% used [0x00000000d5a80000,0x00000000d5b78020,0x00000000d5b80000)
  to   space 1536K, 0% used [0x00000000d5c00000,0x00000000d5c00000,0x00000000d5d80000)
 ParOldGen       total 863744K, used 625744K [0x0000000080000000, 0x00000000b4b80000, 0x00000000d5580000)
  object space 863744K, 72% used [0x0000000080000000,0x00000000a6314258,0x00000000b4b80000)
 Metaspace       used 91837K, committed 93824K, reserved 1179648K
  class space    used 9457K, committed 10368K, reserved 1048576K
}
Event: 2190.013 GC heap before
{Heap before GC invocations=1952 (full 4):
 PSYoungGen      total 6144K, used 6112K [0x00000000d5580000, 0x00000000d5d80000, 0x0000000100000000)
  eden space 5120K, 99% used [0x00000000d5580000,0x00000000d5a7fff0,0x00000000d5a80000)
  from space 1024K, 96% used [0x00000000d5a80000,0x00000000d5b78020,0x00000000d5b80000)
  to   space 1536K, 0% used [0x00000000d5c00000,0x00000000d5c00000,0x00000000d5d80000)
 ParOldGen       total 863744K, used 625744K [0x0000000080000000, 0x00000000b4b80000, 0x00000000d5580000)
  object space 863744K, 72% used [0x0000000080000000,0x00000000a6314258,0x00000000b4b80000)
 Metaspace       used 91842K, committed 93824K, reserved 1179648K
  class space    used 9457K, committed 10368K, reserved 1048576K
}
Event: 2190.017 GC heap after
{Heap after GC invocations=1952 (full 4):
 PSYoungGen      total 6144K, used 730K [0x00000000d5580000, 0x00000000d5d00000, 0x0000000100000000)
  eden space 5120K, 0% used [0x00000000d5580000,0x00000000d5580000,0x00000000d5a80000)
  from space 1024K, 71% used [0x00000000d5c00000,0x00000000d5cb6900,0x00000000d5d00000)
  to   space 1024K, 0% used [0x00000000d5a80000,0x00000000d5a80000,0x00000000d5b80000)
 ParOldGen       total 863744K, used 626564K [0x0000000080000000, 0x00000000b4b80000, 0x00000000d5580000)
  object space 863744K, 72% used [0x0000000080000000,0x00000000a63e12a8,0x00000000b4b80000)
 Metaspace       used 91842K, committed 93824K, reserved 1179648K
  class space    used 9457K, committed 10368K, reserved 1048576K
}
Event: 2190.033 GC heap before
{Heap before GC invocations=1953 (full 4):
 PSYoungGen      total 6144K, used 5850K [0x00000000d5580000, 0x00000000d5d00000, 0x0000000100000000)
  eden space 5120K, 100% used [0x00000000d5580000,0x00000000d5a80000,0x00000000d5a80000)
  from space 1024K, 71% used [0x00000000d5c00000,0x00000000d5cb6900,0x00000000d5d00000)
  to   space 1024K, 0% used [0x00000000d5a80000,0x00000000d5a80000,0x00000000d5b80000)
 ParOldGen       total 863744K, used 626564K [0x0000000080000000, 0x00000000b4b80000, 0x00000000d5580000)
  object space 863744K, 72% used [0x0000000080000000,0x00000000a63e12a8,0x00000000b4b80000)
 Metaspace       used 91842K, committed 93824K, reserved 1179648K
  class space    used 9457K, committed 10368K, reserved 1048576K
}
Event: 2190.035 GC heap after
{Heap after GC invocations=1953 (full 4):
 PSYoungGen      total 6144K, used 708K [0x00000000d5580000, 0x00000000d5c80000, 0x0000000100000000)
  eden space 5120K, 0% used [0x00000000d5580000,0x00000000d5580000,0x00000000d5a80000)
  from space 1024K, 69% used [0x00000000d5a80000,0x00000000d5b31210,0x00000000d5b80000)
  to   space 1024K, 0% used [0x00000000d5b80000,0x00000000d5b80000,0x00000000d5c80000)
 ParOldGen       total 863744K, used 627073K [0x0000000080000000, 0x00000000b4b80000, 0x00000000d5580000)
  object space 863744K, 72% used [0x0000000080000000,0x00000000a64604d8,0x00000000b4b80000)
 Metaspace       used 91842K, committed 93824K, reserved 1179648K
  class space    used 9457K, committed 10368K, reserved 1048576K
}
Event: 2294.937 GC heap before
{Heap before GC invocations=1954 (full 4):
 PSYoungGen      total 6144K, used 5828K [0x00000000d5580000, 0x00000000d5c80000, 0x0000000100000000)
  eden space 5120K, 100% used [0x00000000d5580000,0x00000000d5a80000,0x00000000d5a80000)
  from space 1024K, 69% used [0x00000000d5a80000,0x00000000d5b31210,0x00000000d5b80000)
  to   space 1024K, 0% used [0x00000000d5b80000,0x00000000d5b80000,0x00000000d5c80000)
 ParOldGen       total 863744K, used 627073K [0x0000000080000000, 0x00000000b4b80000, 0x00000000d5580000)
  object space 863744K, 72% used [0x0000000080000000,0x00000000a64604d8,0x00000000b4b80000)
 Metaspace       used 91863K, committed 93824K, reserved 1179648K
  class space    used 9457K, committed 10368K, reserved 1048576K
}
Event: 2294.942 GC heap after
{Heap after GC invocations=1954 (full 4):
 PSYoungGen      total 6144K, used 800K [0x00000000d5580000, 0x00000000d5c80000, 0x0000000100000000)
  eden space 5120K, 0% used [0x00000000d5580000,0x00000000d5580000,0x00000000d5a80000)
  from space 1024K, 78% used [0x00000000d5b80000,0x00000000d5c48000,0x00000000d5c80000)
  to   space 1024K, 0% used [0x00000000d5a80000,0x00000000d5a80000,0x00000000d5b80000)
 ParOldGen       total 863744K, used 627613K [0x0000000080000000, 0x00000000b4b80000, 0x00000000d5580000)
  object space 863744K, 72% used [0x0000000080000000,0x00000000a64e76e8,0x00000000b4b80000)
 Metaspace       used 91863K, committed 93824K, reserved 1179648K
  class space    used 9457K, committed 10368K, reserved 1048576K
}
Event: 2295.338 GC heap before
{Heap before GC invocations=1955 (full 4):
 PSYoungGen      total 6144K, used 5919K [0x00000000d5580000, 0x00000000d5c80000, 0x0000000100000000)
  eden space 5120K, 99% used [0x00000000d5580000,0x00000000d5a7fff8,0x00000000d5a80000)
  from space 1024K, 78% used [0x00000000d5b80000,0x00000000d5c48000,0x00000000d5c80000)
  to   space 1024K, 0% used [0x00000000d5a80000,0x00000000d5a80000,0x00000000d5b80000)
 ParOldGen       total 863744K, used 627613K [0x0000000080000000, 0x00000000b4b80000, 0x00000000d5580000)
  object space 863744K, 72% used [0x0000000080000000,0x00000000a64e76e8,0x00000000b4b80000)
 Metaspace       used 91884K, committed 93888K, reserved 1179648K
  class space    used 9457K, committed 10368K, reserved 1048576K
}
Event: 2295.345 GC heap after
{Heap after GC invocations=1955 (full 4):
 PSYoungGen      total 6144K, used 384K [0x00000000d5580000, 0x00000000d5c80000, 0x0000000100000000)
  eden space 5120K, 0% used [0x00000000d5580000,0x00000000d5580000,0x00000000d5a80000)
  from space 1024K, 37% used [0x00000000d5a80000,0x00000000d5ae0000,0x00000000d5b80000)
  to   space 1024K, 0% used [0x00000000d5b80000,0x00000000d5b80000,0x00000000d5c80000)
 ParOldGen       total 863744K, used 628245K [0x0000000080000000, 0x00000000b4b80000, 0x00000000d5580000)
  object space 863744K, 72% used [0x0000000080000000,0x00000000a6585708,0x00000000b4b80000)
 Metaspace       used 91884K, committed 93888K, reserved 1179648K
  class space    used 9457K, committed 10368K, reserved 1048576K
}
Event: 2295.365 GC heap before
{Heap before GC invocations=1956 (full 4):
 PSYoungGen      total 6144K, used 5504K [0x00000000d5580000, 0x00000000d5c80000, 0x0000000100000000)
  eden space 5120K, 100% used [0x00000000d5580000,0x00000000d5a80000,0x00000000d5a80000)
  from space 1024K, 37% used [0x00000000d5a80000,0x00000000d5ae0000,0x00000000d5b80000)
  to   space 1024K, 0% used [0x00000000d5b80000,0x00000000d5b80000,0x00000000d5c80000)
 ParOldGen       total 863744K, used 628245K [0x0000000080000000, 0x00000000b4b80000, 0x00000000d5580000)
  object space 863744K, 72% used [0x0000000080000000,0x00000000a6585708,0x00000000b4b80000)
 Metaspace       used 91888K, committed 93888K, reserved 1179648K
  class space    used 9457K, committed 10368K, reserved 1048576K
}
Event: 2295.371 GC heap after
{Heap after GC invocations=1956 (full 4):
 PSYoungGen      total 6144K, used 896K [0x00000000d5580000, 0x00000000d5c80000, 0x0000000100000000)
  eden space 5120K, 0% used [0x00000000d5580000,0x00000000d5580000,0x00000000d5a80000)
  from space 1024K, 87% used [0x00000000d5b80000,0x00000000d5c60000,0x00000000d5c80000)
  to   space 1024K, 0% used [0x00000000d5a80000,0x00000000d5a80000,0x00000000d5b80000)
 ParOldGen       total 863744K, used 628418K [0x0000000080000000, 0x00000000b4b80000, 0x00000000d5580000)
  object space 863744K, 72% used [0x0000000080000000,0x00000000a65b0908,0x00000000b4b80000)
 Metaspace       used 91888K, committed 93888K, reserved 1179648K
  class space    used 9457K, committed 10368K, reserved 1048576K
}
Event: 2295.397 GC heap before
{Heap before GC invocations=1957 (full 4):
 PSYoungGen      total 6144K, used 6016K [0x00000000d5580000, 0x00000000d5c80000, 0x0000000100000000)
  eden space 5120K, 100% used [0x00000000d5580000,0x00000000d5a80000,0x00000000d5a80000)
  from space 1024K, 87% used [0x00000000d5b80000,0x00000000d5c60000,0x00000000d5c80000)
  to   space 1024K, 0% used [0x00000000d5a80000,0x00000000d5a80000,0x00000000d5b80000)
 ParOldGen       total 863744K, used 628418K [0x0000000080000000, 0x00000000b4b80000, 0x00000000d5580000)
  object space 863744K, 72% used [0x0000000080000000,0x00000000a65b0908,0x00000000b4b80000)
 Metaspace       used 91893K, committed 93888K, reserved 1179648K
  class space    used 9457K, committed 10368K, reserved 1048576K
}
Event: 2295.402 GC heap after
{Heap after GC invocations=1957 (full 4):
 PSYoungGen      total 6144K, used 922K [0x00000000d5580000, 0x00000000d5c80000, 0x0000000100000000)
  eden space 5120K, 0% used [0x00000000d5580000,0x00000000d5580000,0x00000000d5a80000)
  from space 1024K, 90% used [0x00000000d5a80000,0x00000000d5b66900,0x00000000d5b80000)
  to   space 1024K, 0% used [0x00000000d5b80000,0x00000000d5b80000,0x00000000d5c80000)
 ParOldGen       total 863744K, used 629050K [0x0000000080000000, 0x00000000b4b80000, 0x00000000d5580000)
  object space 863744K, 72% used [0x0000000080000000,0x00000000a664e938,0x00000000b4b80000)
 Metaspace       used 91893K, committed 93888K, reserved 1179648K
  class space    used 9457K, committed 10368K, reserved 1048576K
}
Event: 2296.625 GC heap before
{Heap before GC invocations=1958 (full 4):
 PSYoungGen      total 6144K, used 6042K [0x00000000d5580000, 0x00000000d5c80000, 0x0000000100000000)
  eden space 5120K, 100% used [0x00000000d5580000,0x00000000d5a80000,0x00000000d5a80000)
  from space 1024K, 90% used [0x00000000d5a80000,0x00000000d5b66900,0x00000000d5b80000)
  to   space 1024K, 0% used [0x00000000d5b80000,0x00000000d5b80000,0x00000000d5c80000)
 ParOldGen       total 863744K, used 629050K [0x0000000080000000, 0x00000000b4b80000, 0x00000000d5580000)
  object space 863744K, 72% used [0x0000000080000000,0x00000000a664e938,0x00000000b4b80000)
 Metaspace       used 91894K, committed 93888K, reserved 1179648K
  class space    used 9457K, committed 10368K, reserved 1048576K
}
Event: 2296.629 GC heap after
{Heap after GC invocations=1958 (full 4):
 PSYoungGen      total 6144K, used 713K [0x00000000d5580000, 0x00000000d5c80000, 0x0000000100000000)
  eden space 5120K, 0% used [0x00000000d5580000,0x00000000d5580000,0x00000000d5a80000)
  from space 1024K, 69% used [0x00000000d5b80000,0x00000000d5c32400,0x00000000d5c80000)
  to   space 1024K, 0% used [0x00000000d5a80000,0x00000000d5a80000,0x00000000d5b80000)
 ParOldGen       total 863744K, used 629702K [0x0000000080000000, 0x00000000b4b80000, 0x00000000d5580000)
  object space 863744K, 72% used [0x0000000080000000,0x00000000a66f1b68,0x00000000b4b80000)
 Metaspace       used 91894K, committed 93888K, reserved 1179648K
  class space    used 9457K, committed 10368K, reserved 1048576K
}
Event: 2296.677 GC heap before
{Heap before GC invocations=1959 (full 4):
 PSYoungGen      total 6144K, used 5833K [0x00000000d5580000, 0x00000000d5c80000, 0x0000000100000000)
  eden space 5120K, 100% used [0x00000000d5580000,0x00000000d5a80000,0x00000000d5a80000)
  from space 1024K, 69% used [0x00000000d5b80000,0x00000000d5c32400,0x00000000d5c80000)
  to   space 1024K, 0% used [0x00000000d5a80000,0x00000000d5a80000,0x00000000d5b80000)
 ParOldGen       total 863744K, used 629702K [0x0000000080000000, 0x00000000b4b80000, 0x00000000d5580000)
  object space 863744K, 72% used [0x0000000080000000,0x00000000a66f1b68,0x00000000b4b80000)
 Metaspace       used 91894K, committed 93888K, reserved 1179648K
  class space    used 9457K, committed 10368K, reserved 1048576K
}
Event: 2296.681 GC heap after
{Heap after GC invocations=1959 (full 4):
 PSYoungGen      total 6144K, used 404K [0x00000000d5580000, 0x00000000d5c80000, 0x0000000100000000)
  eden space 5120K, 0% used [0x00000000d5580000,0x00000000d5580000,0x00000000d5a80000)
  from space 1024K, 39% used [0x00000000d5a80000,0x00000000d5ae5200,0x00000000d5b80000)
  to   space 1024K, 0% used [0x00000000d5b80000,0x00000000d5b80000,0x00000000d5c80000)
 ParOldGen       total 863744K, used 629974K [0x0000000080000000, 0x00000000b4b80000, 0x00000000d5580000)
  object space 863744K, 72% used [0x0000000080000000,0x00000000a6735b68,0x00000000b4b80000)
 Metaspace       used 91894K, committed 93888K, reserved 1179648K
  class space    used 9457K, committed 10368K, reserved 1048576K
}
Event: 2296.935 GC heap before
{Heap before GC invocations=1960 (full 4):
 PSYoungGen      total 6144K, used 5524K [0x00000000d5580000, 0x00000000d5c80000, 0x0000000100000000)
  eden space 5120K, 100% used [0x00000000d5580000,0x00000000d5a80000,0x00000000d5a80000)
  from space 1024K, 39% used [0x00000000d5a80000,0x00000000d5ae5200,0x00000000d5b80000)
  to   space 1024K, 0% used [0x00000000d5b80000,0x00000000d5b80000,0x00000000d5c80000)
 ParOldGen       total 863744K, used 629974K [0x0000000080000000, 0x00000000b4b80000, 0x00000000d5580000)
  object space 863744K, 72% used [0x0000000080000000,0x00000000a6735b68,0x00000000b4b80000)
 Metaspace       used 91902K, committed 93888K, reserved 1179648K
  class space    used 9457K, committed 10368K, reserved 1048576K
}
Event: 2296.938 GC heap after
{Heap after GC invocations=1960 (full 4):
 PSYoungGen      total 5632K, used 442K [0x00000000d5580000, 0x00000000d5c00000, 0x0000000100000000)
  eden space 5120K, 0% used [0x00000000d5580000,0x00000000d5580000,0x00000000d5a80000)
  from space 512K, 86% used [0x00000000d5b80000,0x00000000d5bee900,0x00000000d5c00000)
  to   space 512K, 0% used [0x00000000d5b00000,0x00000000d5b00000,0x00000000d5b80000)
 ParOldGen       total 863744K, used 629990K [0x0000000080000000, 0x00000000b4b80000, 0x00000000d5580000)
  object space 863744K, 72% used [0x0000000080000000,0x00000000a6739b68,0x00000000b4b80000)
 Metaspace       used 91902K, committed 93888K, reserved 1179648K
  class space    used 9457K, committed 10368K, reserved 1048576K
}

Dll operation events (14 events):
Event: 0.384 Loaded shared library c:\Users\anima\.vscode\extensions\redhat.java-1.54.0-win32-x64\jre\21.0.10-win32-x86_64\bin\java.dll
Event: 0.541 Loaded shared library c:\Users\anima\.vscode\extensions\redhat.java-1.54.0-win32-x64\jre\21.0.10-win32-x86_64\bin\zip.dll
Event: 0.557 Loaded shared library C:\Users\anima\.vscode\extensions\redhat.java-1.54.0-win32-x64\jre\21.0.10-win32-x86_64\bin\instrument.dll
Event: 0.666 Loaded shared library C:\Users\anima\.vscode\extensions\redhat.java-1.54.0-win32-x64\jre\21.0.10-win32-x86_64\bin\net.dll
Event: 0.760 Loaded shared library C:\Users\anima\.vscode\extensions\redhat.java-1.54.0-win32-x64\jre\21.0.10-win32-x86_64\bin\nio.dll
Event: 0.763 Loaded shared library C:\Users\anima\.vscode\extensions\redhat.java-1.54.0-win32-x64\jre\21.0.10-win32-x86_64\bin\zip.dll
Event: 0.774 Loaded shared library C:\Users\anima\.vscode\extensions\redhat.java-1.54.0-win32-x64\jre\21.0.10-win32-x86_64\bin\jimage.dll
Event: 0.909 Loaded shared library c:\Users\anima\.vscode\extensions\redhat.java-1.54.0-win32-x64\jre\21.0.10-win32-x86_64\bin\verify.dll
Event: 1.951 Loaded shared library C:\Users\anima\AppData\Roaming\Code\User\globalStorage\redhat.java\1.54.0\config_win\org.eclipse.equinox.launcher\org.eclipse.equinox.launcher.win32.win32.x86_64_1.3.0.v20260203-2149\eclipse_11919.dll
Event: 5.392 Loaded shared library C:\Users\anima\.vscode\extensions\redhat.java-1.54.0-win32-x64\jre\21.0.10-win32-x86_64\bin\management.dll
Event: 5.396 Loaded shared library C:\Users\anima\.vscode\extensions\redhat.java-1.54.0-win32-x64\jre\21.0.10-win32-x86_64\bin\management_ext.dll
Event: 7.193 Loaded shared library C:\Users\anima\AppData\Local\Temp\jna-92962928\jna11399383662459874875.dll
Event: 7.814 Loaded shared library C:\Users\anima\.vscode\extensions\redhat.java-1.54.0-win32-x64\jre\21.0.10-win32-x86_64\bin\sunmscapi.dll
Event: 8.081 Loaded shared library C:\Users\anima\.vscode\extensions\redhat.java-1.54.0-win32-x64\jre\21.0.10-win32-x86_64\bin\extnet.dll

Deoptimization events (20 events):
Event: 910.800 Thread 0x000001b4fcb7a8f0 DEOPT PACKING pc=0x000001b488e79298 sp=0x00000080241fe4d0
Event: 910.800 Thread 0x000001b4fcb7a8f0 DEOPT UNPACKING pc=0x000001b4874a3aa2 sp=0x00000080241fe418 mode 2
Event: 910.800 Thread 0x000001b4fcb7a8f0 Uncommon trap: trap_request=0xffffff45 fr.pc=0x000001b488e7b164 relative=0x0000000000000ba4
Event: 910.800 Thread 0x000001b4fcb7a8f0 Uncommon trap: reason=unstable_if action=reinterpret pc=0x000001b488e7b164 method=org.eclipse.jdt.internal.core.NameLookup.seekTypes(Ljava/lang/String;Lorg/eclipse/jdt/core/IPackageFragment;ZILorg/eclipse/jdt/internal/core/IJavaElementRequestor;Z)V @ 126 
Event: 910.800 Thread 0x000001b4fcb7a8f0 DEOPT PACKING pc=0x000001b488e7b164 sp=0x00000080241fe530
Event: 910.800 Thread 0x000001b4fcb7a8f0 DEOPT UNPACKING pc=0x000001b4874a3aa2 sp=0x00000080241fe4c0 mode 2
Event: 939.972 Thread 0x000001b4ff791380 Uncommon trap: trap_request=0xffffffbe fr.pc=0x000001b488f41a64 relative=0x0000000000002aa4
Event: 939.972 Thread 0x000001b4ff791380 Uncommon trap: reason=profile_predicate action=maybe_recompile pc=0x000001b488f41a64 method=org.eclipse.jdt.internal.core.NameLookup.findType(Ljava/lang/String;Ljava/lang/String;ZIZZZLorg/eclipse/core/runtime/IProgressMonitor;[Lorg/eclipse/jdt/core/IPacka
Event: 939.972 Thread 0x000001b4ff791380 DEOPT PACKING pc=0x000001b488f41a64 sp=0x00000080268fe470
Event: 939.972 Thread 0x000001b4ff791380 DEOPT UNPACKING pc=0x000001b4874a3aa2 sp=0x00000080268fe448 mode 2
Event: 939.973 Thread 0x000001b4ff791380 Uncommon trap: trap_request=0xffffffbe fr.pc=0x000001b488f41a64 relative=0x0000000000002aa4
Event: 939.973 Thread 0x000001b4ff791380 Uncommon trap: reason=profile_predicate action=maybe_recompile pc=0x000001b488f41a64 method=org.eclipse.jdt.internal.core.NameLookup.findType(Ljava/lang/String;Ljava/lang/String;ZIZZZLorg/eclipse/core/runtime/IProgressMonitor;[Lorg/eclipse/jdt/core/IPacka
Event: 939.973 Thread 0x000001b4ff791380 DEOPT PACKING pc=0x000001b488f41a64 sp=0x00000080268fe470
Event: 939.973 Thread 0x000001b4ff791380 DEOPT UNPACKING pc=0x000001b4874a3aa2 sp=0x00000080268fe448 mode 2
Event: 1209.984 Thread 0x000001b4ff793450 DEOPT PACKING pc=0x000001b481db9922 sp=0x00000080270fdf10
Event: 1209.985 Thread 0x000001b4ff793450 DEOPT UNPACKING pc=0x000001b4874a4242 sp=0x00000080270fd3b8 mode 0
Event: 2189.640 Thread 0x000001b4d6d48590 Uncommon trap: trap_request=0xffffff45 fr.pc=0x000001b488950b58 relative=0x0000000000000a18
Event: 2189.641 Thread 0x000001b4d6d48590 Uncommon trap: reason=unstable_if action=reinterpret pc=0x000001b488950b58 method=lombok.core.configuration.FileSystemSourceCache.cacheClear()V @ 16 c2
Event: 2189.642 Thread 0x000001b4d6d48590 DEOPT PACKING pc=0x000001b488950b58 sp=0x0000008024efda10
Event: 2189.642 Thread 0x000001b4d6d48590 DEOPT UNPACKING pc=0x000001b4874a3aa2 sp=0x0000008024efd950 mode 2

Classes loaded (20 events):
Event: 433.714 Loading class com/sun/org/apache/xerces/internal/xni/XNIException
Event: 433.714 Loading class com/sun/org/apache/xerces/internal/xni/XNIException done
Event: 433.724 Loading class com/sun/org/apache/xerces/internal/xni/parser/XMLParseException
Event: 433.724 Loading class com/sun/org/apache/xerces/internal/xni/parser/XMLParseException done
Event: 433.783 Loading class java/util/stream/ReduceOps$5
Event: 433.784 Loading class java/util/stream/ReduceOps$5 done
Event: 433.784 Loading class java/util/stream/ReduceOps$CountingSink$OfRef
Event: 433.784 Loading class java/util/stream/ReduceOps$CountingSink
Event: 433.785 Loading class java/util/stream/ReduceOps$CountingSink done
Event: 433.785 Loading class java/util/stream/ReduceOps$CountingSink$OfRef done
Event: 434.032 Loading class jdk/internal/module/IllegalAccessLogger
Event: 434.032 Loading class jdk/internal/module/IllegalAccessLogger done
Event: 434.309 Loading class java/nio/BufferMismatch
Event: 434.310 Loading class java/nio/BufferMismatch done
Event: 592.735 Loading class java/lang/StringLatin1$CharsSpliterator
Event: 592.735 Loading class java/lang/StringLatin1$CharsSpliterator done
Event: 602.846 Loading class jdk/internal/module/IllegalAccessLogger
Event: 602.846 Loading class jdk/internal/module/IllegalAccessLogger done
Event: 910.155 Loading class jdk/internal/module/IllegalAccessLogger
Event: 910.155 Loading class jdk/internal/module/IllegalAccessLogger done

Classes unloaded (20 events):
Event: 6.299 Thread 0x000001b4ef91eb90 Unloading class 0x000001b4901a7800 'java/lang/invoke/LambdaForm$DMH+0x000001b4901a7800'
Event: 6.299 Thread 0x000001b4ef91eb90 Unloading class 0x000001b4901a6400 'java/lang/invoke/LambdaForm$DMH+0x000001b4901a6400'
Event: 7.567 Thread 0x000001b4ef91eb90 Unloading class 0x000001b490313c00 'java/lang/invoke/LambdaForm$MH+0x000001b490313c00'
Event: 7.567 Thread 0x000001b4ef91eb90 Unloading class 0x000001b490313000 'java/lang/invoke/LambdaForm$MH+0x000001b490313000'
Event: 7.567 Thread 0x000001b4ef91eb90 Unloading class 0x000001b490312800 'java/lang/invoke/LambdaForm$MH+0x000001b490312800'
Event: 7.567 Thread 0x000001b4ef91eb90 Unloading class 0x000001b490312000 'java/lang/invoke/LambdaForm$MH+0x000001b490312000'
Event: 7.567 Thread 0x000001b4ef91eb90 Unloading class 0x000001b490311c00 'java/lang/invoke/LambdaForm$DMH+0x000001b490311c00'
Event: 7.567 Thread 0x000001b4ef91eb90 Unloading class 0x000001b490311000 'java/lang/invoke/LambdaForm$MH+0x000001b490311000'
Event: 7.567 Thread 0x000001b4ef91eb90 Unloading class 0x000001b49030ac00 'java/lang/invoke/LambdaForm$MH+0x000001b49030ac00'
Event: 7.567 Thread 0x000001b4ef91eb90 Unloading class 0x000001b49030a400 'java/lang/invoke/LambdaForm$MH+0x000001b49030a400'
Event: 7.567 Thread 0x000001b4ef91eb90 Unloading class 0x000001b490309400 'java/lang/invoke/LambdaForm$MH+0x000001b490309400'
Event: 7.567 Thread 0x000001b4ef91eb90 Unloading class 0x000001b490308c00 'java/lang/invoke/LambdaForm$MH+0x000001b490308c00'
Event: 7.567 Thread 0x000001b4ef91eb90 Unloading class 0x000001b490308400 'java/lang/invoke/LambdaForm$MH+0x000001b490308400'
Event: 7.567 Thread 0x000001b4ef91eb90 Unloading class 0x000001b490308000 'java/lang/invoke/LambdaForm$MH+0x000001b490308000'
Event: 7.567 Thread 0x000001b4ef91eb90 Unloading class 0x000001b490302400 'java/lang/invoke/LambdaForm$MH+0x000001b490302400'
Event: 17.197 Thread 0x000001b4ef91eb90 Unloading class 0x000001b490658c00 'java/lang/invoke/LambdaForm$DMH+0x000001b490658c00'
Event: 17.197 Thread 0x000001b4ef91eb90 Unloading class 0x000001b490658800 'java/lang/invoke/LambdaForm$DMH+0x000001b490658800'
Event: 17.197 Thread 0x000001b4ef91eb90 Unloading class 0x000001b490658400 'java/lang/invoke/LambdaForm$DMH+0x000001b490658400'
Event: 17.197 Thread 0x000001b4ef91eb90 Unloading class 0x000001b490658000 'java/lang/invoke/LambdaForm$DMH+0x000001b490658000'
Event: 17.197 Thread 0x000001b4ef91eb90 Unloading class 0x000001b4905c8400 'java/lang/invoke/LambdaForm$DMH+0x000001b4905c8400'

Classes redefined (0 events):
No events

Internal exceptions (20 events):
Event: 733.765 Thread 0x000001b4fcb7a8f0 Exception <a 'sun/nio/fs/WindowsException'{0x00000000d58fd9d0}> (0x00000000d58fd9d0) 
thrown [s\src\hotspot\share\prims\jni.cpp, line 520]
Event: 733.766 Thread 0x000001b4fcb7a8f0 Exception <a 'sun/nio/fs/WindowsException'{0x00000000d58fe7b8}> (0x00000000d58fe7b8) 
thrown [s\src\hotspot\share\prims\jni.cpp, line 520]
Event: 733.766 Thread 0x000001b4fcb7a8f0 Exception <a 'sun/nio/fs/WindowsException'{0x00000000d59028f0}> (0x00000000d59028f0) 
thrown [s\src\hotspot\share\prims\jni.cpp, line 520]
Event: 733.766 Thread 0x000001b4fcb7a8f0 Exception <a 'sun/nio/fs/WindowsException'{0x00000000d59036b0}> (0x00000000d59036b0) 
thrown [s\src\hotspot\share\prims\jni.cpp, line 520]
Event: 733.766 Thread 0x000001b4fcb7a8f0 Exception <a 'sun/nio/fs/WindowsException'{0x00000000d5905920}> (0x00000000d5905920) 
thrown [s\src\hotspot\share\prims\jni.cpp, line 520]
Event: 733.766 Thread 0x000001b4fcb7a8f0 Exception <a 'sun/nio/fs/WindowsException'{0x00000000d5906a20}> (0x00000000d5906a20) 
thrown [s\src\hotspot\share\prims\jni.cpp, line 520]
Event: 733.767 Thread 0x000001b4fcb7a8f0 Exception <a 'sun/nio/fs/WindowsException'{0x00000000d5908d70}> (0x00000000d5908d70) 
thrown [s\src\hotspot\share\prims\jni.cpp, line 520]
Event: 733.767 Thread 0x000001b4fcb7a8f0 Exception <a 'sun/nio/fs/WindowsException'{0x00000000d5909b00}> (0x00000000d5909b00) 
thrown [s\src\hotspot\share\prims\jni.cpp, line 520]
Event: 908.647 Thread 0x000001b4d6d4b380 Implicit null exception at 0x000001b488a9be8b to 0x000001b488a9cf7c
Event: 909.925 Thread 0x000001b4fccc7ec0 Exception <a 'sun/nio/fs/WindowsException'{0x00000000d58f3e10}> (0x00000000d58f3e10) 
thrown [s\src\hotspot\share\prims\jni.cpp, line 520]
Event: 910.120 Thread 0x000001b4fccc7ec0 Exception <a 'sun/nio/fs/WindowsException'{0x00000000d56558a8}> (0x00000000d56558a8) 
thrown [s\src\hotspot\share\prims\jni.cpp, line 520]
Event: 1209.979 Thread 0x000001b4ff793450 Exception <a 'sun/nio/fs/WindowsException'{0x00000000d59f6720}> (0x00000000d59f6720) 
thrown [s\src\hotspot\share\prims\jni.cpp, line 520]
Event: 1209.979 Thread 0x000001b4ff793450 Exception <a 'sun/nio/fs/WindowsException'{0x00000000d59f7708}> (0x00000000d59f7708) 
thrown [s\src\hotspot\share\prims\jni.cpp, line 520]
Event: 1209.979 Thread 0x000001b4ff793450 Exception <a 'sun/nio/fs/WindowsException'{0x00000000d59fb870}> (0x00000000d59fb870) 
thrown [s\src\hotspot\share\prims\jni.cpp, line 520]
Event: 1209.980 Thread 0x000001b4ff793450 Exception <a 'sun/nio/fs/WindowsException'{0x00000000d59fc600}> (0x00000000d59fc600) 
thrown [s\src\hotspot\share\prims\jni.cpp, line 520]
Event: 1209.980 Thread 0x000001b4ff793450 Exception <a 'sun/nio/fs/WindowsException'{0x00000000d59febc8}> (0x00000000d59febc8) 
thrown [s\src\hotspot\share\prims\jni.cpp, line 520]
Event: 1209.980 Thread 0x000001b4ff793450 Exception <a 'sun/nio/fs/WindowsException'{0x00000000d59ff958}> (0x00000000d59ff958) 
thrown [s\src\hotspot\share\prims\jni.cpp, line 520]
Event: 1209.981 Thread 0x000001b4ff793450 Exception <a 'sun/nio/fs/WindowsException'{0x00000000d5a01c70}> (0x00000000d5a01c70) 
thrown [s\src\hotspot\share\prims\jni.cpp, line 520]
Event: 1209.981 Thread 0x000001b4ff793450 Exception <a 'sun/nio/fs/WindowsException'{0x00000000d5a02930}> (0x00000000d5a02930) 
thrown [s\src\hotspot\share\prims\jni.cpp, line 520]
Event: 1334.589 Thread 0x000001b4d44966f0 Exception <a 'java/lang/IncompatibleClassChangeError'{0x00000000d57856b8}: Found class java.lang.Object, but interface was expected> (0x00000000d57856b8) 
thrown [s\src\hotspot\share\interpreter\linkResolver.cpp, line 840]

ZGC Phase Switch (0 events):
No events

VM Operations (20 events):
Event: 2294.937 Executing safepoint VM operation: ParallelGCFailedAllocation (Allocation Failure)
Event: 2294.942 Executing safepoint VM operation: ParallelGCFailedAllocation (Allocation Failure) done
Event: 2295.338 Executing safepoint VM operation: ParallelGCFailedAllocation (Allocation Failure)
Event: 2295.345 Executing safepoint VM operation: ParallelGCFailedAllocation (Allocation Failure) done
Event: 2295.362 Executing safepoint VM operation: ParallelGCFailedAllocation (Allocation Failure)
Event: 2295.371 Executing safepoint VM operation: ParallelGCFailedAllocation (Allocation Failure) done
Event: 2295.385 Executing safepoint VM operation: ParallelGCFailedAllocation (Allocation Failure)
Event: 2295.402 Executing safepoint VM operation: ParallelGCFailedAllocation (Allocation Failure) done
Event: 2296.409 Executing safepoint VM operation: Cleanup
Event: 2296.409 Executing safepoint VM operation: Cleanup done
Event: 2296.625 Executing safepoint VM operation: ParallelGCFailedAllocation (Allocation Failure)
Event: 2296.629 Executing safepoint VM operation: ParallelGCFailedAllocation (Allocation Failure) done
Event: 2296.659 Executing safepoint VM operation: ParallelGCFailedAllocation (Allocation Failure)
Event: 2296.681 Executing safepoint VM operation: ParallelGCFailedAllocation (Allocation Failure) done
Event: 2296.934 Executing safepoint VM operation: ParallelGCFailedAllocation (Allocation Failure)
Event: 2296.938 Executing safepoint VM operation: ParallelGCFailedAllocation (Allocation Failure) done
Event: 2345.622 Executing non-safepoint VM operation: HandshakeAllThreads (HandshakeForDeflation)
Event: 2345.622 Executing non-safepoint VM operation: HandshakeAllThreads (HandshakeForDeflation) done
Event: 2345.622 Executing non-safepoint VM operation: RendezvousGCThreads
Event: 2345.622 Executing non-safepoint VM operation: RendezvousGCThreads done

Memory protections (0 events):
No events

Nmethod flushes (20 events):
Event: 39.926 Thread 0x000001b4ef91eb90 flushing  nmethod 0x000001b4815f2710
Event: 39.926 Thread 0x000001b4ef91eb90 flushing  nmethod 0x000001b481643f10
Event: 39.926 Thread 0x000001b4ef91eb90 flushing  nmethod 0x000001b48167cc90
Event: 39.926 Thread 0x000001b4ef91eb90 flushing  nmethod 0x000001b48167d790
Event: 39.926 Thread 0x000001b4ef91eb90 flushing  nmethod 0x000001b48167f990
Event: 39.926 Thread 0x000001b4ef91eb90 flushing  nmethod 0x000001b4816bef90
Event: 39.926 Thread 0x000001b4ef91eb90 flushing  nmethod 0x000001b4816c8a90
Event: 39.926 Thread 0x000001b4ef91eb90 flushing  nmethod 0x000001b4816e3710
Event: 39.926 Thread 0x000001b4ef91eb90 flushing  nmethod 0x000001b4816e9f90
Event: 39.926 Thread 0x000001b4ef91eb90 flushing  nmethod 0x000001b4816f7110
Event: 39.926 Thread 0x000001b4ef91eb90 flushing  nmethod 0x000001b4816f7d90
Event: 39.926 Thread 0x000001b4ef91eb90 flushing  nmethod 0x000001b4816f8510
Event: 39.926 Thread 0x000001b4ef91eb90 flushing  nmethod 0x000001b4816f8990
Event: 39.926 Thread 0x000001b4ef91eb90 flushing  nmethod 0x000001b4816f9d90
Event: 39.926 Thread 0x000001b4ef91eb90 flushing  nmethod 0x000001b4816fa790
Event: 39.926 Thread 0x000001b4ef91eb90 flushing  nmethod 0x000001b4816fb810
Event: 39.926 Thread 0x000001b4ef91eb90 flushing  nmethod 0x000001b4816fd710
Event: 39.926 Thread 0x000001b4ef91eb90 flushing  nmethod 0x000001b481707010
Event: 39.926 Thread 0x000001b4ef91eb90 flushing  nmethod 0x000001b481731610
Event: 39.926 Thread 0x000001b4ef91eb90 flushing  nmethod 0x000001b4817a1390

Events (20 events):
Event: 1540.412 Thread 0x000001b4ff793ae0 Thread exited: 0x000001b4ff793ae0
Event: 1600.424 Thread 0x000001b4ff7968d0 Thread exited: 0x000001b4ff7968d0
Event: 1660.489 Thread 0x000001b4fd864880 Thread exited: 0x000001b4fd864880
Event: 1663.613 Thread 0x000001b4ef93c4c0 Thread added: 0x000001b4fe2b30a0
Event: 1663.871 Thread 0x000001b4fe2b30a0 Thread exited: 0x000001b4fe2b30a0
Event: 1727.406 Thread 0x000001b4d6d46b50 Thread exited: 0x000001b4d6d46b50
Event: 1787.411 Thread 0x000001b4ff790cf0 Thread exited: 0x000001b4ff790cf0
Event: 1847.414 Thread 0x000001b4d6d48590 Thread exited: 0x000001b4d6d48590
Event: 2189.479 Thread 0x000001b4d44966f0 Thread added: 0x000001b4d6d47870
Event: 2189.538 Thread 0x000001b4d44966f0 Thread added: 0x000001b4d6d44a80
Event: 2189.538 Thread 0x000001b4d6d47870 Thread added: 0x000001b4d6d48590
Event: 2189.539 Thread 0x000001b4d44966f0 Thread added: 0x000001b4d6d45110
Event: 2189.539 Thread 0x000001b4d44966f0 Thread added: 0x000001b4d6d492b0
Event: 2249.893 Thread 0x000001b4d6d45110 Thread exited: 0x000001b4d6d45110
Event: 2295.379 Thread 0x000001b4ef93c4c0 Thread added: 0x000001b4fe2b30a0
Event: 2296.614 Thread 0x000001b4fe2b30a0 Thread exited: 0x000001b4fe2b30a0
Event: 2356.947 Thread 0x000001b4d6d48590 Thread exited: 0x000001b4d6d48590
Event: 2416.954 Thread 0x000001b4d6d47870 Thread exited: 0x000001b4d6d47870
Event: 2476.956 Thread 0x000001b4d6d492b0 Thread exited: 0x000001b4d6d492b0
Event: 2536.971 Thread 0x000001b4d6d44a80 Thread exited: 0x000001b4d6d44a80


Dynamic libraries:
0x00007ff7f4990000 - 0x00007ff7f499e000 	c:\Users\anima\.vscode\extensions\redhat.java-1.54.0-win32-x64\jre\21.0.10-win32-x86_64\bin\java.exe
0x00007ffe922e0000 - 0x00007ffe92546000 	C:\WINDOWS\SYSTEM32\ntdll.dll
0x00007ffe90680000 - 0x00007ffe90749000 	C:\WINDOWS\System32\KERNEL32.DLL
0x00007ffe8f600000 - 0x00007ffe8f9fa000 	C:\WINDOWS\System32\KERNELBASE.dll
0x00007ffe8fd80000 - 0x00007ffe8fecc000 	C:\WINDOWS\System32\ucrtbase.dll
0x00007ffe8b2b0000 - 0x00007ffe8b2ce000 	c:\Users\anima\.vscode\extensions\redhat.java-1.54.0-win32-x64\jre\21.0.10-win32-x86_64\bin\VCRUNTIME140.dll
0x00007ffe8b440000 - 0x00007ffe8b458000 	c:\Users\anima\.vscode\extensions\redhat.java-1.54.0-win32-x64\jre\21.0.10-win32-x86_64\bin\jli.dll
0x00007ffe90f40000 - 0x00007ffe91107000 	C:\WINDOWS\System32\USER32.dll
0x00007ffe8fca0000 - 0x00007ffe8fcc7000 	C:\WINDOWS\System32\win32u.dll
0x00007ffe76ea0000 - 0x00007ffe77132000 	C:\WINDOWS\WinSxS\amd64_microsoft.windows.common-controls_6595b64144ccf1df_6.0.26100.8521_none_3e08b75ce33403b3\COMCTL32.dll
0x00007ffe91480000 - 0x00007ffe914ab000 	C:\WINDOWS\System32\GDI32.dll
0x00007ffe91e90000 - 0x00007ffe91f39000 	C:\WINDOWS\System32\msvcrt.dll
0x00007ffe8fab0000 - 0x00007ffe8fbdb000 	C:\WINDOWS\System32\gdi32full.dll
0x00007ffe8fcd0000 - 0x00007ffe8fd73000 	C:\WINDOWS\System32\msvcp_win.dll
0x00007ffe903e0000 - 0x00007ffe90412000 	C:\WINDOWS\System32\IMM32.DLL
0x00007ffe85df0000 - 0x00007ffe85dfc000 	c:\Users\anima\.vscode\extensions\redhat.java-1.54.0-win32-x64\jre\21.0.10-win32-x86_64\bin\vcruntime140_1.dll
0x00007ffe58a40000 - 0x00007ffe58acd000 	c:\Users\anima\.vscode\extensions\redhat.java-1.54.0-win32-x64\jre\21.0.10-win32-x86_64\bin\msvcp140.dll
0x00007ffe30910000 - 0x00007ffe316b1000 	c:\Users\anima\.vscode\extensions\redhat.java-1.54.0-win32-x64\jre\21.0.10-win32-x86_64\bin\server\jvm.dll
0x00007ffe91860000 - 0x00007ffe91916000 	C:\WINDOWS\System32\ADVAPI32.dll
0x00007ffe913d0000 - 0x00007ffe9147a000 	C:\WINDOWS\System32\sechost.dll
0x00007ffe91140000 - 0x00007ffe91258000 	C:\WINDOWS\System32\RPCRT4.dll
0x00007ffe91e00000 - 0x00007ffe91e80000 	C:\WINDOWS\System32\WS2_32.dll
0x00007ffe86ec0000 - 0x00007ffe86ecb000 	C:\WINDOWS\SYSTEM32\VERSION.dll
0x00007ffe85480000 - 0x00007ffe854b6000 	C:\WINDOWS\SYSTEM32\WINMM.dll
0x00007ffe8f3d0000 - 0x00007ffe8f42e000 	C:\WINDOWS\SYSTEM32\POWRPROF.dll
0x00007ffe8f3b0000 - 0x00007ffe8f3c4000 	C:\WINDOWS\SYSTEM32\UMPDC.dll
0x00007ffe8e300000 - 0x00007ffe8e31b000 	C:\WINDOWS\SYSTEM32\kernel.appcore.dll
0x00007ffe81df0000 - 0x00007ffe81dfa000 	c:\Users\anima\.vscode\extensions\redhat.java-1.54.0-win32-x64\jre\21.0.10-win32-x86_64\bin\jimage.dll
0x00007ffe8c3c0000 - 0x00007ffe8c602000 	C:\WINDOWS\SYSTEM32\DBGHELP.DLL
0x00007ffe90050000 - 0x00007ffe903d3000 	C:\WINDOWS\System32\combase.dll
0x00007ffe912e0000 - 0x00007ffe913b9000 	C:\WINDOWS\System32\OLEAUT32.dll
0x00007ffe7a540000 - 0x00007ffe7a57b000 	C:\WINDOWS\SYSTEM32\dbgcore.DLL
0x00007ffe8fa00000 - 0x00007ffe8faa8000 	C:\WINDOWS\System32\bcryptPrimitives.dll
0x00007ffe81de0000 - 0x00007ffe81def000 	c:\Users\anima\.vscode\extensions\redhat.java-1.54.0-win32-x64\jre\21.0.10-win32-x86_64\bin\instrument.dll
0x00007ffe81980000 - 0x00007ffe819a0000 	c:\Users\anima\.vscode\extensions\redhat.java-1.54.0-win32-x64\jre\21.0.10-win32-x86_64\bin\java.dll
0x00007ffe90750000 - 0x00007ffe90ed4000 	C:\WINDOWS\System32\SHELL32.dll
0x00007ffe8d100000 - 0x00007ffe8d980000 	C:\WINDOWS\SYSTEM32\windows.storage.dll
0x00007ffe92000000 - 0x00007ffe920f6000 	C:\WINDOWS\System32\SHCORE.dll
0x00007ffe914b0000 - 0x00007ffe91517000 	C:\WINDOWS\System32\shlwapi.dll
0x00007ffe8f490000 - 0x00007ffe8f4b9000 	C:\WINDOWS\SYSTEM32\profapi.dll
0x00007ffe7fa30000 - 0x00007ffe7fa48000 	c:\Users\anima\.vscode\extensions\redhat.java-1.54.0-win32-x64\jre\21.0.10-win32-x86_64\bin\zip.dll
0x00007ffe7fa20000 - 0x00007ffe7fa30000 	C:\Users\anima\.vscode\extensions\redhat.java-1.54.0-win32-x64\jre\21.0.10-win32-x86_64\bin\net.dll
0x00007ffe87ee0000 - 0x00007ffe88009000 	C:\WINDOWS\SYSTEM32\WINHTTP.dll
0x00007ffe8e870000 - 0x00007ffe8e8dc000 	C:\WINDOWS\system32\mswsock.dll
0x00007ffe7f970000 - 0x00007ffe7f986000 	C:\Users\anima\.vscode\extensions\redhat.java-1.54.0-win32-x64\jre\21.0.10-win32-x86_64\bin\nio.dll
0x00007ffe7eda0000 - 0x00007ffe7edb0000 	c:\Users\anima\.vscode\extensions\redhat.java-1.54.0-win32-x64\jre\21.0.10-win32-x86_64\bin\verify.dll
0x00007ffe73440000 - 0x00007ffe73485000 	C:\Users\anima\AppData\Roaming\Code\User\globalStorage\redhat.java\1.54.0\config_win\org.eclipse.equinox.launcher\org.eclipse.equinox.launcher.win32.win32.x86_64_1.3.0.v20260203-2149\eclipse_11919.dll
0x00007ffe92100000 - 0x00007ffe92298000 	C:\WINDOWS\System32\ole32.dll
0x00007ffe7ed90000 - 0x00007ffe7ed9a000 	C:\Users\anima\.vscode\extensions\redhat.java-1.54.0-win32-x64\jre\21.0.10-win32-x86_64\bin\management.dll
0x00007ffe7ed80000 - 0x00007ffe7ed8c000 	C:\Users\anima\.vscode\extensions\redhat.java-1.54.0-win32-x64\jre\21.0.10-win32-x86_64\bin\management_ext.dll
0x00007ffe913c0000 - 0x00007ffe913c8000 	C:\WINDOWS\System32\PSAPI.DLL
0x00007ffe8eb50000 - 0x00007ffe8eb6b000 	C:\WINDOWS\SYSTEM32\CRYPTSP.dll
0x00007ffe8e260000 - 0x00007ffe8e299000 	C:\WINDOWS\system32\rsaenh.dll
0x00007ffe8e920000 - 0x00007ffe8e953000 	C:\WINDOWS\SYSTEM32\USERENV.dll
0x00007ffe8f460000 - 0x00007ffe8f48a000 	C:\WINDOWS\SYSTEM32\bcrypt.dll
0x00007ffe8eb70000 - 0x00007ffe8eb7c000 	C:\WINDOWS\SYSTEM32\CRYPTBASE.dll
0x00007ffe8dd60000 - 0x00007ffe8dd93000 	C:\WINDOWS\SYSTEM32\IPHLPAPI.DLL
0x00007ffe91df0000 - 0x00007ffe91dfa000 	C:\WINDOWS\System32\NSI.dll
0x00007ffe59f00000 - 0x00007ffe59f49000 	C:\Users\anima\AppData\Local\Temp\jna-92962928\jna11399383662459874875.dll
0x00007ffe88590000 - 0x00007ffe885ad000 	C:\WINDOWS\SYSTEM32\dhcpcsvc6.DLL
0x00007ffe88560000 - 0x00007ffe88585000 	C:\WINDOWS\SYSTEM32\dhcpcsvc.DLL
0x00007ffe7ed70000 - 0x00007ffe7ed7e000 	C:\Users\anima\.vscode\extensions\redhat.java-1.54.0-win32-x64\jre\21.0.10-win32-x86_64\bin\sunmscapi.dll
0x00007ffe8fed0000 - 0x00007ffe90048000 	C:\WINDOWS\System32\CRYPT32.dll
0x00007ffe8ed70000 - 0x00007ffe8eda0000 	C:\WINDOWS\SYSTEM32\ncrypt.dll
0x00007ffe8ed20000 - 0x00007ffe8ed5f000 	C:\WINDOWS\SYSTEM32\NTASN1.dll
0x00007ffe8dda0000 - 0x00007ffe8deea000 	C:\WINDOWS\SYSTEM32\DNSAPI.dll
0x00007ffe8e690000 - 0x00007ffe8e69d000 	C:\WINDOWS\SYSTEM32\DSPARSE.dll
0x00007ffe86e80000 - 0x00007ffe86e8b000 	C:\Windows\System32\rasadhlp.dll
0x00007ffe88870000 - 0x00007ffe888f6000 	C:\WINDOWS\System32\fwpuclnt.dll
0x00007ffe7ed60000 - 0x00007ffe7ed69000 	C:\Users\anima\.vscode\extensions\redhat.java-1.54.0-win32-x64\jre\21.0.10-win32-x86_64\bin\extnet.dll
0x00007ffe8e420000 - 0x00007ffe8e456000 	C:\WINDOWS\SYSTEM32\ntmarta.dll

JVMTI agents:
c:\Users\anima\.vscode\extensions\redhat.java-1.54.0-win32-x64\lombok\lombok-1.18.39-4050.jar path:c:\Users\anima\.vscode\extensions\redhat.java-1.54.0-win32-x64\jre\21.0.10-win32-x86_64\bin\instrument.dll, loaded, initialized, instrumentlib options:none

dbghelp: loaded successfully - version: 4.0.5 - missing functions: none
symbol engine: initialized successfully - sym options: 0x614 - pdb path: .;c:\Users\anima\.vscode\extensions\redhat.java-1.54.0-win32-x64\jre\21.0.10-win32-x86_64\bin;C:\WINDOWS\SYSTEM32;C:\WINDOWS\WinSxS\amd64_microsoft.windows.common-controls_6595b64144ccf1df_6.0.26100.8521_none_3e08b75ce33403b3;c:\Users\anima\.vscode\extensions\redhat.java-1.54.0-win32-x64\jre\21.0.10-win32-x86_64\bin\server;C:\Users\anima\AppData\Roaming\Code\User\globalStorage\redhat.java\1.54.0\config_win\org.eclipse.equinox.launcher\org.eclipse.equinox.launcher.win32.win32.x86_64_1.3.0.v20260203-2149;C:\Users\anima\AppData\Local\Temp\jna-92962928

VM Arguments:
jvm_args: --add-modules=ALL-SYSTEM --add-opens=java.base/java.util=ALL-UNNAMED --add-opens=java.base/java.lang=ALL-UNNAMED --add-opens=java.base/sun.nio.fs=ALL-UNNAMED -Declipse.application=org.eclipse.jdt.ls.core.id1 -Dosgi.bundles.defaultStartLevel=4 -Declipse.product=org.eclipse.jdt.ls.core.product -Djava.import.generatesMetadataFilesAtProjectRoot=false -DDetectVMInstallationsJob.disabled=true -Dfile.encoding=utf8 -XX:+UseParallelGC -XX:GCTimeRatio=4 -XX:AdaptiveSizePolicyWeight=90 -Dsun.zip.disableMemoryMapping=true -Xmx2G -Xms100m -Xlog:disable -javaagent:c:\Users\anima\.vscode\extensions\redhat.java-1.54.0-win32-x64\lombok\lombok-1.18.39-4050.jar -XX:+HeapDumpOnOutOfMemoryError -XX:HeapDumpPath=c:\Users\anima\AppData\Roaming\Code\User\workspaceStorage\da3114b247fd881a22e3501cbac912a7\redhat.java -Daether.dependencyCollector.impl=bf 
java_command: c:\Users\anima\.vscode\extensions\redhat.java-1.54.0-win32-x64\server\plugins\org.eclipse.equinox.launcher_1.7.100.v20251111-0406.jar -configuration c:\Users\anima\AppData\Roaming\Code\User\globalStorage\redhat.java\1.54.0\config_win -data c:\Users\anima\AppData\Roaming\Code\User\workspaceStorage\da3114b247fd881a22e3501cbac912a7\redhat.java\jdt_ws --pipe=\\.\pipe\lsp-31880c0fd148f6ddaf78bf8db661eef1-sock
java_class_path (initial): c:\Users\anima\.vscode\extensions\redhat.java-1.54.0-win32-x64\server\plugins\org.eclipse.equinox.launcher_1.7.100.v20251111-0406.jar
Launcher Type: SUN_STANDARD

[Global flags]
    uintx AdaptiveSizePolicyWeight                 = 90                                        {product} {command line}
     intx CICompilerCount                          = 12                                        {product} {ergonomic}
    uintx GCTimeRatio                              = 4                                         {product} {command line}
     bool HeapDumpOnOutOfMemoryError               = true                                   {manageable} {command line}
    ccstr HeapDumpPath                             = c:\Users\anima\AppData\Roaming\Code\User\workspaceStorage\da3114b247fd881a22e3501cbac912a7\redhat.java         {manageable} {command line}
   size_t InitialHeapSize                          = 104857600                                 {product} {command line}
   size_t MaxHeapSize                              = 2147483648                                {product} {command line}
   size_t MaxNewSize                               = 715653120                                 {product} {ergonomic}
   size_t MinHeapDeltaBytes                        = 524288                                    {product} {ergonomic}
   size_t MinHeapSize                              = 104857600                                 {product} {command line}
   size_t NewSize                                  = 34603008                                  {product} {ergonomic}
    uintx NonNMethodCodeHeapSize                   = 7602480                                {pd product} {ergonomic}
    uintx NonProfiledCodeHeapSize                  = 122027880                              {pd product} {ergonomic}
   size_t OldSize                                  = 70254592                                  {product} {ergonomic}
    uintx ProfiledCodeHeapSize                     = 122027880                              {pd product} {ergonomic}
    uintx ReservedCodeCacheSize                    = 251658240                              {pd product} {ergonomic}
     bool SegmentedCodeCache                       = true                                      {product} {ergonomic}
   size_t SoftMaxHeapSize                          = 2147483648                             {manageable} {ergonomic}
     bool UseCompressedOops                        = true                           {product lp64_product} {ergonomic}
     bool UseLargePagesIndividualAllocation        = false                                  {pd product} {ergonomic}
     bool UseParallelGC                            = true                                      {product} {command line}

Logging:
Log output configuration:
 #0: stdout all=off uptime,level,tags foldmultilines=false
 #1: stderr all=off uptime,level,tags foldmultilines=false

Release file:
JAVA_VERSION="21.0.10" 
MODULES="java.base java.compiler java.datatransfer java.xml java.prefs java.desktop java.instrument java.logging java.management java.security.sasl java.naming java.rmi java.management.rmi java.net.http java.scripting java.security.jgss java.transaction.xa java.sql java.sql.rowset java.xml.crypto java.se java.smartcardio jdk.accessibility jdk.internal.jvmstat jdk.attach jdk.charsets jdk.internal.opt jdk.zipfs jdk.compiler jdk.crypto.ec jdk.crypto.cryptoki jdk.crypto.mscapi jdk.dynalink jdk.internal.ed jdk.editpad jdk.hotspot.agent jdk.httpserver jdk.internal.le jdk.internal.vm.ci jdk.internal.vm.compiler jdk.internal.vm.compiler.management jdk.jartool jdk.javadoc jdk.jcmd jdk.management jdk.management.agent jdk.jconsole jdk.jdeps jdk.jdwp.agent jdk.jdi jdk.jfr jdk.jshell jdk.jsobject jdk.jstatd jdk.localedata jdk.management.jfr jdk.naming.dns jdk.naming.rmi jdk.net jdk.nio.mapmode jdk.random jdk.sctp jdk.security.auth jdk.security.jgss jdk.unsupported jdk.unsupported.desktop jdk.xml.dom" 

Environment Variables:
JAVA_HOME=C:\Program Files\Eclipse Adoptium\jdk-25.0.3.9-hotspot
PATH=C:\Program Files\Eclipse Adoptium\jdk-25.0.3.9-hotspot\bin;C:\WINDOWS\system32;C:\WINDOWS;C:\WINDOWS\System32\Wbem;C:\WINDOWS\System32\WindowsPowerShell\v1.0\;C:\WINDOWS\System32\OpenSSH\;C:\Program Files\dotnet\;C:\Program Files\Vagrant\bin;C:\Program Files\Git\cmd;C:\Program Files\Docker\Docker\resources\bin;C:\Users\anima\AppData\Local\Microsoft\WindowsApps;C:\Users\anima\AppData\Local\Programs\Microsoft VS Code\bin;C:\Users\anima\AppData\Local\GitHubDesktop\bin;C:\Program Files\Eclipse Adoptium\jdk-25.0.3.9-hotspot\bin;
USERNAME=anima
OS=Windows_NT
PROCESSOR_IDENTIFIER=AMD64 Family 25 Model 68 Stepping 1, AuthenticAMD
TMP=C:\Users\anima\AppData\Local\Temp
TEMP=C:\Users\anima\AppData\Local\Temp




Periodic native trim disabled

---------------  S Y S T E M  ---------------

OS:
 Windows 11 , 64 bit Build 26100 (10.0.26100.8521)
OS uptime: 7 days 4:21 hours
Hyper-V role detected

CPU: total 16 (initial active 16) (16 cores per cpu, 2 threads per core) family 25 model 68 stepping 1 microcode 0xa404107, cx8, cmov, fxsr, ht, mmx, 3dnowpref, sse, sse2, sse3, ssse3, sse4a, sse4.1, sse4.2, popcnt, lzcnt, tsc, tscinvbit, avx, avx2, aes, erms, clmul, bmi1, bmi2, adx, sha, fma, vzeroupper, clflush, clflushopt, hv, rdtscp, rdpid, fsrm, f16c, cet_ss
Processor Information for processor 0
  Max Mhz: 3201, Current Mhz: 3201, Mhz Limit: 3201
Processor Information for processor 1
  Max Mhz: 3201, Current Mhz: 3201, Mhz Limit: 3201
Processor Information for processor 2
  Max Mhz: 3201, Current Mhz: 2560, Mhz Limit: 3201
Processor Information for processor 3
  Max Mhz: 3201, Current Mhz: 3201, Mhz Limit: 3201
Processor Information for processor 4
  Max Mhz: 3201, Current Mhz: 3201, Mhz Limit: 3201
Processor Information for processor 5
  Max Mhz: 3201, Current Mhz: 2560, Mhz Limit: 3201
Processor Information for processor 6
  Max Mhz: 3201, Current Mhz: 3201, Mhz Limit: 3201
Processor Information for processor 7
  Max Mhz: 3201, Current Mhz: 2560, Mhz Limit: 3201
Processor Information for processor 8
  Max Mhz: 3201, Current Mhz: 3201, Mhz Limit: 3201
Processor Information for processor 9
  Max Mhz: 3201, Current Mhz: 2560, Mhz Limit: 3201
Processor Information for processor 10
  Max Mhz: 3201, Current Mhz: 2560, Mhz Limit: 3201
Processor Information for processor 11
  Max Mhz: 3201, Current Mhz: 3201, Mhz Limit: 3201
Processor Information for processor 12
  Max Mhz: 3201, Current Mhz: 2560, Mhz Limit: 3201
Processor Information for processor 13
  Max Mhz: 3201, Current Mhz: 3201, Mhz Limit: 3201
Processor Information for processor 14
  Max Mhz: 3201, Current Mhz: 2560, Mhz Limit: 3201
Processor Information for processor 15
  Max Mhz: 3201, Current Mhz: 2560, Mhz Limit: 3201

Memory: 4k page, system-wide physical 15611M (652M free)
TotalPageFile size 50171M (AvailPageFile size 113M)
current process WorkingSet (physical memory assigned to process): 10M, peak: 1366M
current process commit charge ("private bytes"): 1244M, peak: 1317M

vm_info: OpenJDK 64-Bit Server VM (21.0.10+7-LTS) for windows-amd64 JRE (21.0.10+7-LTS), built on 2026-01-20T00:00:00Z by "admin" with MS VC++ 17.12 (VS2022)

END.
